// Jest Snapshot v1, https://goo.gl/fbAQLP

exports[`Posts component should render Post component 1`] = `
<ul
  className="newsList"
>
  <Example1
    author="Yauhen"
    created_at="2020-05-03T23:36:09.816Z"
    key="1"
    num_comments={10}
    points={100}
    title="Jest & Enzyme"
    url="//test.url"
  />
  <Example1
    author="Stepan"
    created_at="2020-05-05T23:36:09.816Z"
    key="2"
    num_comments={8}
    points={10}
    title="TypeScript Basics"
    url="//test2121.url"
  />
</ul>
`;
